<html>
<body>
<pre>
<h1>礦ision Build Log</h1>
<h2>Tool Versions:</h2>
IDE-Version: μVision V5.16a
Copyright (C) 2015 ARM Ltd and ARM Germany GmbH. All rights reserved.
License Information: zhu jf, Microsoft, LIC=4ZLZ9-4NJ0W-ZE1H2-9F4PH-6CJLL-QGJCG
 
Tool Versions:
Toolchain:       MDK-ARM Professional  Version: 5.16a
Toolchain Path:  D:\Program Files (x86)\Keil_v5\ARM\ARMCC\Bin
C Compiler:      Armcc.exe V5.06 (build 20)
Assembler:       Armasm.exe V5.06 (build 20)
Linker/Locator:  ArmLink.exe V5.06 (build 20)
Library Manager: ArmAr.exe V5.06 (build 20)
Hex Converter:   FromElf.exe V5.06 (build 20)
CPU DLL:         SARMCM3.DLL V5.16a
Dialog DLL:      DARMSTM.DLL V1.65.0.0
Target DLL:      Segger\JL2CM3.dll V2.99.15.2
Dialog DLL:      TARMSTM.DLL V1.64.0.0
 
<h2>Project:</h2>
E:\MY_TASK\粘度计\基本程序\V4.02--NDJ_S750\USER\USART.uvproj
Project File Date:  08/14/2016

<h2>Output:</h2>
*** Using Compiler 'V5.06 (build 20)', folder: 'D:\Program Files (x86)\Keil_v5\ARM\ARMCC\Bin'
Build target 'Target 1'
compiling main.c...
compiling stm32f10x_it.c...
compiling system_stm32f10x.c...
compiling key.c...
compiling 12864.c...
compiling rtc.c...
..\HARDWARE\RTC\rtc.c(175): warning:  #550-D: variable "daycnt" was set but never used
        static u16 daycnt=0;
..\HARDWARE\RTC\rtc.c: 1 warning, 0 errors
compiling timer.c...
compiling I2C.c...
compiling AT24Cxx.c...
compiling print.c...
compiling adc.c...
compiling thb6128.c...
compiling pt100.c...
compiling delay.c...
compiling sys.c...
compiling usart.c...
compiling core_cm3.c...
assembling startup_stm32f10x_hd.s...
compiling misc.c...
compiling stm32f10x_gpio.c...
compiling stm32f10x_rcc.c...
compiling stm32f10x_usart.c...
compiling stm32f10x_exti.c...
compiling stm32f10x_rtc.c...
compiling stm32f10x_pwr.c...
compiling stm32f10x_bkp.c...
compiling stm32f10x_tim.c...
compiling stm32f10x_adc.c...
linking...
Program Size: Code=42172 RO-data=4132 RW-data=180 ZI-data=1852  
FromELF: creating hex file...
"..\OBJ\USART.axf" - 0 Error(s), 1 Warning(s).
Build Time Elapsed:  00:00:11
</pre>
</body>
</html>
